exports[`test AddEventButton Snapshot 1`] = `
<Link
  replace={false}
  to={
    Object {
      "pathname": "/addEvent",
    }
  }>
  <div
    className="add-task-button"
    title="Add New Event">
    ï¼‹ Add Event
  </div>
</Link>
`;
